List 0: start -> middle -> end
INVALID COMMAND: INSERT
INVALID COMMAND: DELETE
INVALID COMMAND: INSERT
