List 0: start -> middle -> end
List 0: first -> start -> middle -> end
