List 0: newNode
List 1: {List 0}
List 2: {List 1}
