List 0: a -> b -> c
INVALID COMMAND: NEW
INVALID COMMAND: NEW
INVALID COMMAND: INPUT
INVALID COMMAND: INPUT
char -> char -> char
INVALID COMMAND: TYPE
List 0 has been removed.

Number of lists: 0
List 1: b -> 12 -> 0.00 -> 32.34 -> 22.12 -> 2.00 -> test -> r12e -> 5 -> 4
